// Jest Snapshot v1, https://goo.gl/fbAQLP

exports[`ProfileCard Component takes a snapshot of the ProfileCard component 1`] = `
<section
  className="ProfileCard"
>
  <h2>
    Welcome 
    Bob
    !
  </h2>
  <div
    className="ProfileCard_main"
  >
    <div
      className="ProfileCard__icon_container"
    >
      <svg
        aria-hidden="true"
        className="svg-inline--fa fa-user-circle fa-w-16 ProfileCard__icon_fa fa-8x"
        data-icon="user-circle"
        data-prefix="fas"
        focusable="false"
        role="img"
        style={Object {}}
        viewBox="0 0 496 512"
        xmlns="http://www.w3.org/2000/svg"
      >
        <path
          d="M248 8C111 8 0 119 0 256s111 248 248 248 248-111 248-248S385 8 248 8zm0 96c48.6 0 88 39.4 88 88s-39.4 88-88 88-88-39.4-88-88 39.4-88 88-88zm0 344c-58.7 0-111.3-26.6-146.5-68.2 18.8-35.4 55.6-59.8 98.5-59.8 2.4 0 4.8.4 7.1 1.1 13 4.2 26.6 6.9 40.9 6.9 14.3 0 28-2.7 40.9-6.9 2.3-.7 4.7-1.1 7.1-1.1 42.9 0 79.7 24.4 98.5 59.8C359.3 421.4 306.7 448 248 448z"
          fill="currentColor"
          style={Object {}}
        />
      </svg>
      <p>
        test_user
      </p>
    </div>
    <div
      className="ProfileCard__bio_location"
    >
      <p
        className="ProfileCard__label"
      >
        location:
      </p>
      <p
        className="ProfileCard__data"
      >
        USA
      </p>
      <p
        className="ProfileCard__label"
      >
        bio:
      </p>
      <p
        className="ProfileCard__data"
      >
        Test bio
      </p>
    </div>
    <button
      className="form_button"
      onClick={[Function]}
      type="button"
    >
      Edit your Profile
    </button>
  </div>
</section>
`;
