// Jest Snapshot v1, https://goo.gl/fbAQLP

exports[`LoginForm Component takes snapshot of LoginForm component 1`] = `
<form
  className="user_form"
  onSubmit={[Function]}
>
  <legend>
    <div
      role="alert"
    />
    <label
      htmlFor="login-username-input"
    >
      Username
    </label>
    <input
      id="login-username-input"
      name="username"
      required={true}
    />
    <div>
      <label
        htmlFor="login-password-input"
      >
        Password
      </label>
      <input
        id="login-password-input"
        name="password"
        required={true}
        type="password"
      />
    </div>
    <button
      className="form_button"
      type="submit"
    >
      Login
    </button>
  </legend>
</form>
`;
