// Jest Snapshot v1, https://goo.gl/fbAQLP

exports[`RegistrationForm Component takes a snapshot of the RegistrationForm Component 1`] = `
<form
  className="user_form"
  onSubmit={[Function]}
>
  <legend>
    <div
      role="alert"
    />
    <p
      className="RegistrationForm__required_text"
    >
      <span
        className="required"
      >
        *
      </span>
       indicates required field
    </p>
    <div>
      <label
        htmlFor="registration-name-input"
      >
        Display Name
        <span
          className="required"
        >
          *
        </span>
      </label>
      <input
        id="registration-name-input"
        name="name"
        required={true}
      />
    </div>
    <div>
      <label
        htmlFor="registration-username-input"
      >
        Username
        <span
          className="required"
        >
          *
        </span>
      </label>
      <input
        id="registration-username-input"
        name="username"
        required={true}
      />
    </div>
    <div>
      <label
        htmlFor="registration-password-input"
      >
        Password
        <span
          className="required"
        >
          *
        </span>
      </label>
      <input
        id="registration-password-input"
        name="password"
        required={true}
        type="password"
      />
    </div>
    <div>
      <button
        className="form_button"
        type="submit"
      >
        Sign up
      </button>
       
      <a
        className="RegistrationForm__link"
        href="/login"
        onClick={[Function]}
      >
        Already have an account?
      </a>
    </div>
  </legend>
</form>
`;
